2026-05-31 20:10:17.541 | ERROR    | __main__:load_data:42 - No files exists under folder .
2026-05-31 20:10:46.836 | ERROR    | __main__:load_data:42 - No files exists under folder .
2026-05-31 20:11:36.772 | ERROR    | __main__:load_data:42 - No files exists under folder .
2026-05-31 20:12:00.122 | ERROR    | __main__:load_data:42 - No files exists under folder .
2026-05-31 20:12:58.594 | ERROR    | __main__:load_data:42 - No files exists under folder .
2026-05-31 20:13:16.163 | ERROR    | __main__:load_data:42 - No files exists under folder .
2026-05-31 20:13:53.053 | ERROR    | __main__:load_data:42 - No files exists under folder .
2026-05-31 20:15:52.250 | ERROR    | __main__:load_data:42 - No files exists under folder .
2026-05-31 20:17:49.071 | SUCCESS  | __main__:load_data:38 - Successfully loaded 3 files...
2026-05-31 20:18:23.299 | SUCCESS  | extract_data:load_data:38 - Successfully loaded 3 files...
2026-05-31 20:32:13.025 | SUCCESS  | extract_data:load_data:38 - Successfully loaded 3 files...
2026-06-02 22:31:49.172 | SUCCESS  | extract_data:load_data:38 - Successfully loaded 3 files...
2026-06-02 22:37:22.367 | SUCCESS  | extract_data:load_data:38 - Successfully loaded 3 files...
2026-06-02 22:37:22.765 | INFO     | __main__:<module>:116 - Nulls check completed..!
2026-06-02 22:37:46.703 | SUCCESS  | extract_data:load_data:38 - Successfully loaded 3 files...
2026-06-02 22:37:47.105 | INFO     | __main__:<module>:116 - Nulls check completed..!
2026-06-02 22:38:01.335 | SUCCESS  | extract_data:load_data:38 - Successfully loaded 3 files...
2026-06-02 22:38:01.764 | INFO     | __main__:<module>:116 - Nulls check completed..!
2026-06-02 22:38:03.928 | INFO     | __main__:clean_data:51 - White spaces removed from the data...!
2026-06-02 22:40:33.697 | SUCCESS  | extract_data:load_data:38 - Successfully loaded 3 files...
2026-06-02 22:40:34.182 | INFO     | __main__:<module>:116 - Nulls check completed..!
2026-06-02 22:40:36.580 | INFO     | __main__:clean_data:48 - White spaces removed from the data...!
2026-06-02 22:40:37.755 | INFO     | __main__:clean_data:55 - Removed 0 rows from entire dataset..!
2026-06-02 22:40:39.325 | INFO     | __main__:clean_data:71 - Dataset columns were standardized..!
2026-06-02 22:40:39.484 | INFO     | __main__:clean_data:79 - Dates were converted..!
2026-06-02 22:40:43.636 | INFO     | __main__:clean_data:98 - Prices were converted..!
2026-06-02 22:40:43.636 | INFO     | __main__:clean_data:101 - Data cleaned and sent for Next Process..!
2026-06-02 22:56:56.903 | SUCCESS  | extract_data:load_data:38 - Successfully loaded 3 files...
2026-06-02 22:56:57.562 | INFO     | __main__:<module>:119 - Nulls check completed..!
2026-06-02 22:57:01.083 | INFO     | __main__:clean_data:51 - White spaces removed from the data...!
2026-06-02 22:57:03.047 | INFO     | __main__:clean_data:58 - Removed 0 rows from entire dataset..!
2026-06-02 22:57:05.797 | INFO     | __main__:clean_data:74 - Dataset columns were standardized..!
2026-06-02 22:57:06.097 | INFO     | __main__:clean_data:82 - Dates were converted..!
2026-06-02 22:57:13.974 | INFO     | __main__:clean_data:101 - Prices were converted..!
2026-06-02 22:57:13.974 | INFO     | __main__:clean_data:104 - Data cleaned and sent for Next Process..!
